2025-11-23 02:39:32 Loading main app package /usr/lib/obsidian/obsidian.asar
2025-11-23 02:39:34 Checking for update using Github
2025-11-23 02:39:35 Success.
2025-11-23 02:39:35 Latest version is 1.10.3
2025-11-23 02:39:35 App is up to date.
2026-03-09 16:56:22 Loaded main app package /usr/lib/obsidian/obsidian.asar
2026-03-09 16:56:22 Checking for update using Github
2026-03-09 16:56:23 Success.
2026-03-09 16:56:23 Latest version is 1.12.4
2026-03-09 16:56:23 App is up to date.
2026-03-26 08:35:53 Loaded main app package /usr/lib/obsidian/obsidian.asar
2026-03-26 08:35:53 Checking for update using Github
2026-03-26 08:35:53 Success.
2026-03-26 08:35:53 Latest version is 1.12.7
2026-03-26 08:35:53 App is up to date.
2026-04-01 02:05:33 Loaded main app package /usr/lib/obsidian/obsidian.asar
2026-04-01 02:05:33 Checking for update using Github
2026-04-01 02:05:42 Success.
2026-04-01 02:05:42 Latest version is 1.12.7
2026-04-01 02:05:42 App is up to date.
2026-04-13 14:38:11 Loaded main app package /usr/lib/obsidian/obsidian.asar
2026-04-13 14:38:11 Checking for update using Github
2026-04-13 14:38:12 Success.
2026-04-13 14:38:12 Latest version is 1.12.7
2026-04-13 14:38:12 App is up to date.
2026-04-14 01:31:34 Loaded main app package /usr/lib/obsidian/obsidian.asar
2026-04-14 01:31:35 Checking for update using Github
2026-04-14 01:31:35 Success.
2026-04-14 01:31:35 Latest version is 1.12.7
2026-04-14 01:31:35 App is up to date.
2026-04-14 02:31:34 Checking for update using Github
2026-04-14 02:31:34 Success.
2026-04-14 02:31:34 Latest version is 1.12.7
2026-04-14 02:31:34 App is up to date.
2026-04-14 03:31:34 Checking for update using Github
2026-04-14 03:31:34 Success.
2026-04-14 03:31:34 Latest version is 1.12.7
2026-04-14 03:31:34 App is up to date.
2026-04-14 04:31:34 Checking for update using Github
2026-04-14 04:31:35 Success.
2026-04-14 04:31:35 Latest version is 1.12.7
2026-04-14 04:31:35 App is up to date.
2026-04-14 05:31:34 Checking for update using Github
2026-04-14 05:31:35 Success.
2026-04-14 05:31:35 Latest version is 1.12.7
2026-04-14 05:31:35 App is up to date.
2026-04-14 06:31:35 Checking for update using Github
2026-04-14 06:31:35 Success.
2026-04-14 06:31:35 Latest version is 1.12.7
2026-04-14 06:31:35 App is up to date.
2026-04-14 07:31:35 Checking for update using Github
2026-04-14 07:31:35 Success.
2026-04-14 07:31:35 Latest version is 1.12.7
2026-04-14 07:31:35 App is up to date.
2026-04-14 08:31:35 Checking for update using Github
2026-04-14 08:31:35 Success.
2026-04-14 08:31:35 Latest version is 1.12.7
2026-04-14 08:31:35 App is up to date.
2026-05-04 04:38:16 Loaded main app package /usr/lib/obsidian/obsidian.asar
2026-05-04 04:38:17 Checking for update using Github
2026-05-04 04:38:17 Success.
2026-05-04 04:38:17 Latest version is 1.12.7
2026-05-04 04:38:17 App is up to date.
2026-05-05 08:31:41 Loaded main app package /usr/lib/obsidian/obsidian.asar
2026-05-05 08:31:42 Checking for update using Github
2026-05-05 08:31:42 Success.
2026-05-05 08:31:42 Latest version is 1.12.7
2026-05-05 08:31:42 App is up to date.
2026-05-05 08:33:12 Loaded main app package /usr/lib/obsidian/obsidian.asar
2026-05-05 08:33:16 Loaded main app package /usr/lib/obsidian/obsidian.asar
2026-05-05 08:33:21 Loaded main app package /usr/lib/obsidian/obsidian.asar
2026-05-06 04:32:16 Loaded main app package /usr/lib/obsidian/obsidian.asar
2026-05-06 04:32:16 Checking for update using Github
2026-05-06 04:32:17 Success.
2026-05-06 04:32:17 Latest version is 1.12.7
2026-05-06 04:32:17 App is up to date.
2026-05-06 05:32:16 Checking for update using Github
2026-05-06 05:32:16 Success.
2026-05-06 05:32:16 Latest version is 1.12.7
2026-05-06 05:32:16 App is up to date.
2026-05-06 06:32:16 Checking for update using Github
2026-05-06 06:32:16 Success.
2026-05-06 06:32:16 Latest version is 1.12.7
2026-05-06 06:32:16 App is up to date.
2026-05-06 07:32:16 Checking for update using Github
2026-05-06 07:32:16 Success.
2026-05-06 07:32:16 Latest version is 1.12.7
2026-05-06 07:32:16 App is up to date.
2026-05-06 08:32:16 Checking for update using Github
2026-05-06 08:32:16 Success.
2026-05-06 08:32:16 Latest version is 1.12.7
2026-05-06 08:32:16 App is up to date.
2026-05-25 07:24:56 Loaded main app package /usr/lib/obsidian/obsidian.asar
2026-05-25 07:24:57 Checking for update using Github
2026-05-25 07:24:57 Success.
2026-05-25 07:24:57 Latest version is 1.12.7
2026-05-25 07:24:57 App is up to date.
2026-05-25 07:28:15 Loaded main app package /usr/lib/obsidian/obsidian.asar
2026-05-25 07:29:44 Loaded main app package /usr/lib/obsidian/obsidian.asar
2026-05-25 07:30:25 Loaded main app package /usr/lib/obsidian/obsidian.asar
2026-05-25 07:41:23 Loaded main app package /usr/lib/obsidian/obsidian.asar
2026-05-25 08:12:12 Loaded main app package /usr/lib/obsidian/obsidian.asar
2026-05-25 08:12:12 Checking for update using Github
2026-05-25 08:12:12 Success.
2026-05-25 08:12:12 Latest version is 1.12.7
2026-05-25 08:12:12 App is up to date.
2026-05-25 08:18:00 Loaded main app package /usr/lib/obsidian/obsidian.asar
2026-05-25 08:18:00 Checking for update using Github
2026-05-25 08:18:01 Success.
2026-05-25 08:18:01 Latest version is 1.12.7
2026-05-25 08:18:01 App is up to date.
2026-05-25 08:50:46 Loaded main app package /usr/lib/obsidian/obsidian.asar
2026-05-25 08:55:53 Loaded main app package /usr/lib/obsidian/obsidian.asar
2026-05-25 09:00:11 Loaded main app package /usr/lib/obsidian/obsidian.asar
2026-05-25 09:00:52 Loaded main app package /usr/lib/obsidian/obsidian.asar
2026-05-25 09:18:00 Checking for update using Github
2026-05-25 09:18:00 Success.
2026-05-25 09:18:00 Latest version is 1.12.7
2026-05-25 09:18:00 App is up to date.
2026-05-25 09:19:52 Loaded main app package /usr/lib/obsidian/obsidian.asar
2026-05-25 10:18:00 Checking for update using Github
2026-05-25 10:18:00 Success.
2026-05-25 10:18:00 Latest version is 1.12.7
2026-05-25 10:18:00 App is up to date.
2026-05-25 15:02:05 Loaded main app package /usr/lib/obsidian/obsidian.asar
2026-05-25 15:02:05 Checking for update using Github
2026-05-25 15:02:06 Success.
2026-05-25 15:02:06 Latest version is 1.12.7
2026-05-25 15:02:06 App is up to date.
2026-05-25 15:39:31 Loaded main app package /usr/lib/obsidian/obsidian.asar
2026-05-26 02:22:12 Loaded main app package /usr/lib/obsidian/obsidian.asar
2026-05-26 02:22:12 Checking for update using Github
2026-05-26 02:22:12 Success.
2026-05-26 02:22:12 Latest version is 1.12.7
2026-05-26 02:22:12 App is up to date.
2026-05-26 03:22:11 Checking for update using Github
2026-05-26 03:22:12 Success.
2026-05-26 03:22:12 Latest version is 1.12.7
2026-05-26 03:22:12 App is up to date.
2026-05-26 04:22:12 Checking for update using Github
2026-05-26 04:22:12 Success.
2026-05-26 04:22:12 Latest version is 1.12.7
2026-05-26 04:22:12 App is up to date.
2026-05-26 04:49:18 Loaded main app package /usr/lib/obsidian/obsidian.asar
2026-05-26 04:51:27 Loaded main app package /usr/lib/obsidian/obsidian.asar
2026-05-26 05:22:12 Checking for update using Github
2026-05-26 05:22:12 Success.
2026-05-26 05:22:12 Latest version is 1.12.7
2026-05-26 05:22:12 App is up to date.
2026-05-26 06:12:04 Loaded main app package /usr/lib/obsidian/obsidian.asar
2026-05-26 06:14:52 Loaded main app package /usr/lib/obsidian/obsidian.asar
2026-05-26 06:22:12 Checking for update using Github
2026-05-26 06:22:12 Success.
2026-05-26 06:22:12 Latest version is 1.12.7
2026-05-26 06:22:12 App is up to date.
2026-05-26 06:23:28 Loaded main app package /usr/lib/obsidian/obsidian.asar
2026-05-26 06:59:59 Loaded main app package /usr/lib/obsidian/obsidian.asar
2026-05-26 07:22:12 Checking for update using Github
2026-05-26 07:22:12 Success.
2026-05-26 07:22:12 Latest version is 1.12.7
2026-05-26 07:22:12 App is up to date.
2026-05-26 08:22:12 Checking for update using Github
2026-05-26 08:22:12 Success.
2026-05-26 08:22:12 Latest version is 1.12.7
2026-05-26 08:22:12 App is up to date.
2026-05-26 09:03:23 Loaded main app package /usr/lib/obsidian/obsidian.asar
2026-05-26 09:06:57 Loaded main app package /usr/lib/obsidian/obsidian.asar
2026-05-26 09:22:12 Checking for update using Github
2026-05-26 09:22:12 Success.
2026-05-26 09:22:12 Latest version is 1.12.7
2026-05-26 09:22:12 App is up to date.
2026-05-27 01:34:52 Loaded main app package /usr/lib/obsidian/obsidian.asar
2026-05-27 01:34:52 Checking for update using Github
2026-05-27 01:34:52 Success.
2026-05-27 01:34:52 Latest version is 1.12.7
2026-05-27 01:34:52 App is up to date.
2026-05-27 02:21:08 Loaded main app package /usr/lib/obsidian/obsidian.asar
2026-05-27 02:21:29 Loaded main app package /usr/lib/obsidian/obsidian.asar
2026-05-27 02:21:53 Loaded main app package /usr/lib/obsidian/obsidian.asar
2026-05-27 02:34:51 Checking for update using Github
2026-05-27 02:34:51 Success.
2026-05-27 02:34:51 Latest version is 1.12.7
2026-05-27 02:34:51 App is up to date.
2026-05-27 02:42:27 Loaded main app package /usr/lib/obsidian/obsidian.asar
2026-05-27 03:34:52 Checking for update using Github
2026-05-27 03:34:52 Success.
2026-05-27 03:34:52 Latest version is 1.12.7
2026-05-27 03:34:52 App is up to date.
2026-05-27 04:34:52 Checking for update using Github
2026-05-27 04:34:52 Success.
2026-05-27 04:34:52 Latest version is 1.12.7
2026-05-27 04:34:52 App is up to date.
2026-05-27 05:34:52 Checking for update using Github
2026-05-27 05:34:52 Success.
2026-05-27 05:34:52 Latest version is 1.12.7
2026-05-27 05:34:52 App is up to date.
2026-05-27 06:34:52 Checking for update using Github
2026-05-27 06:34:52 Success.
2026-05-27 06:34:52 Latest version is 1.12.7
2026-05-27 06:34:52 App is up to date.
2026-05-27 07:34:52 Checking for update using Github
2026-05-27 07:34:52 Success.
2026-05-27 07:34:52 Latest version is 1.12.7
2026-05-27 07:34:52 App is up to date.
2026-05-27 08:34:52 Checking for update using Github
2026-05-27 08:34:52 Success.
2026-05-27 08:34:52 Latest version is 1.12.7
2026-05-27 08:34:52 App is up to date.
2026-05-27 09:34:52 Checking for update using Github
2026-05-27 09:34:52 Success.
2026-05-27 09:34:52 Latest version is 1.12.7
2026-05-27 09:34:52 App is up to date.
2026-05-27 10:34:52 Checking for update using Github
2026-05-27 10:34:52 Success.
2026-05-27 10:34:52 Latest version is 1.12.7
2026-05-27 10:34:52 App is up to date.
2026-05-28 01:39:00 Loaded main app package /usr/lib/obsidian/obsidian.asar
2026-05-28 01:39:01 Checking for update using Github
2026-05-28 01:39:02 Success.
2026-05-28 01:39:02 Latest version is 1.12.7
2026-05-28 01:39:02 App is up to date.
2026-05-28 02:39:00 Checking for update using Github
2026-05-28 02:39:01 Success.
2026-05-28 02:39:01 Latest version is 1.12.7
2026-05-28 02:39:01 App is up to date.
2026-05-28 03:39:00 Checking for update using Github
2026-05-28 03:39:00 Success.
2026-05-28 03:39:00 Latest version is 1.12.7
2026-05-28 03:39:00 App is up to date.
2026-05-28 04:39:00 Checking for update using Github
2026-05-28 04:39:00 Success.
2026-05-28 04:39:00 Latest version is 1.12.7
2026-05-28 04:39:00 App is up to date.
2026-05-28 05:39:00 Checking for update using Github
2026-05-28 05:39:00 Success.
2026-05-28 05:39:00 Latest version is 1.12.7
2026-05-28 05:39:00 App is up to date.
2026-05-28 06:39:00 Checking for update using Github
2026-05-28 06:39:00 Success.
2026-05-28 06:39:00 Latest version is 1.12.7
2026-05-28 06:39:00 App is up to date.
2026-05-28 07:39:00 Checking for update using Github
2026-05-28 07:39:00 Success.
2026-05-28 07:39:00 Latest version is 1.12.7
2026-05-28 07:39:00 App is up to date.
2026-05-29 01:47:08 Loaded main app package /usr/lib/obsidian/obsidian.asar
2026-05-29 01:47:08 Checking for update using Github
2026-05-29 01:47:09 Success.
2026-05-29 01:47:09 Latest version is 1.12.7
2026-05-29 01:47:09 App is up to date.
2026-05-29 02:47:08 Checking for update using Github
2026-05-29 02:47:08 Success.
2026-05-29 02:47:08 Latest version is 1.12.7
2026-05-29 02:47:08 App is up to date.
2026-05-29 03:32:43 Loaded main app package /usr/lib/obsidian/obsidian.asar
2026-05-29 03:32:56 Loaded main app package /usr/lib/obsidian/obsidian.asar
2026-05-29 03:47:08 Checking for update using Github
2026-05-29 03:47:08 Success.
2026-05-29 03:47:08 Latest version is 1.12.7
2026-05-29 03:47:08 App is up to date.
2026-05-29 04:47:08 Checking for update using Github
2026-05-29 04:47:08 Success.
2026-05-29 04:47:08 Latest version is 1.12.7
2026-05-29 04:47:08 App is up to date.
2026-05-29 05:47:08 Checking for update using Github
2026-05-29 05:47:08 Success.
2026-05-29 05:47:08 Latest version is 1.12.7
2026-05-29 05:47:08 App is up to date.
2026-05-29 06:47:08 Checking for update using Github
2026-05-29 06:47:08 Success.
2026-05-29 06:47:08 Latest version is 1.12.7
2026-05-29 06:47:08 App is up to date.
2026-05-29 07:47:08 Checking for update using Github
2026-05-29 07:47:08 Success.
2026-05-29 07:47:08 Latest version is 1.12.7
2026-05-29 07:47:08 App is up to date.
2026-05-29 08:47:08 Checking for update using Github
2026-05-29 08:47:08 Success.
2026-05-29 08:47:08 Latest version is 1.12.7
2026-05-29 08:47:08 App is up to date.
2026-05-29 09:47:08 Checking for update using Github
2026-05-29 09:47:09 Success.
2026-05-29 09:47:09 Latest version is 1.12.7
2026-05-29 09:47:09 App is up to date.
2026-05-29 10:47:09 Checking for update using Github
2026-05-29 10:47:09 Success.
2026-05-29 10:47:09 Latest version is 1.12.7
2026-05-29 10:47:09 App is up to date.
2026-05-29 10:58:10 Loaded main app package /usr/lib/obsidian/obsidian.asar
2026-05-29 10:58:10 Checking for update using Github
2026-05-29 10:58:11 Success.
2026-05-29 10:58:11 Latest version is 1.12.7
2026-05-29 10:58:11 App is up to date.
2026-06-01 01:55:05 Loaded main app package /usr/lib/obsidian/obsidian.asar
2026-06-01 01:55:06 Checking for update using Github
2026-06-01 01:55:06 Success.
2026-06-01 01:55:06 Latest version is 1.12.7
2026-06-01 01:55:06 App is up to date.
2026-06-01 02:55:05 Checking for update using Github
2026-06-01 02:55:05 Success.
2026-06-01 02:55:05 Latest version is 1.12.7
2026-06-01 02:55:05 App is up to date.
2026-06-01 15:07:34 Loaded main app package /usr/lib/obsidian/obsidian.asar
2026-06-01 15:07:35 Checking for update using Github
2026-06-01 15:07:35 Success.
2026-06-01 15:07:35 Latest version is 1.12.7
2026-06-01 15:07:35 App is up to date.
2026-06-01 15:07:49 Loaded main app package /usr/lib/obsidian/obsidian.asar
2026-06-01 15:07:49 Checking for update using Github
2026-06-01 15:07:50 Success.
2026-06-01 15:07:50 Latest version is 1.12.7
2026-06-01 15:07:50 App is up to date.
2026-06-01 16:07:49 Checking for update using Github
2026-06-01 16:07:50 Success.
2026-06-01 16:07:50 Latest version is 1.12.7
2026-06-01 16:07:50 App is up to date.
